2025-12-05 21:45:44.967 Spotlight[65658:23651531] error messaging the mach port for IMKCFRunLoopWakeUpReliable
